#-----------------------------------------------------------
# Vivado v2019.1 (64-bit)
# SW Build 2552052 on Fri May 24 14:49:42 MDT 2019
# IP Build 2548770 on Fri May 24 18:01:18 MDT 2019
# Start of session at: Mon Feb 12 10:28:50 2024
# Process ID: 8496
# Current directory: D:/Учеба/Автомат. разраб. цифр. устр. ПЛИС/FPGA_coursework
# Command line: vivado.exe -gui_launcher_event rodinguilauncherevent2168 D:\Учеба\Автомат. разраб. цифр. устр. ПЛИС\FPGA_coursework\DTH11_UART.xpr
# Log file: D:/Учеба/Автомат. разраб. цифр. устр. ПЛИС/FPGA_coursework/vivado.log
# Journal file: D:/Учеба/Автомат. разраб. цифр. устр. ПЛИС/FPGA_coursework\vivado.jou
#-----------------------------------------------------------
start_gui
open_project {D:/Учеба/Автомат. разраб. цифр. устр. ПЛИС/FPGA_coursework/DTH11_UART.xpr}
update_compile_order -fileset sources_1
# Disabling source management mode.  This is to allow the top design properties to be set without GUI intervention.
set_property source_mgmt_mode None [current_project]
set_property top top [current_fileset]
# Re-enabling previously disabled source management mode.
set_property source_mgmt_mode All [current_project]
update_compile_order -fileset sources_1
reset_run synth_1
launch_runs synth_1 -jobs 4
wait_on_run synth_1
reset_run synth_1
launch_runs synth_1 -jobs 4
wait_on_run synth_1
