#-----------------------------------------------------------
# Vivado v2019.1 (64-bit)
# SW Build 2552052 on Fri May 24 14:49:42 MDT 2019
# IP Build 2548770 on Fri May 24 18:01:18 MDT 2019
# Start of session at: Mon Mar 18 12:22:59 2024
# Process ID: 14584
# Current directory: D:/FPGA/Frundin_CW_DHT11
# Command line: vivado.exe -gui_launcher_event rodinguilauncherevent18764 D:\FPGA\Frundin_CW_DHT11\Frundin_CW_DHT11.xpr
# Log file: D:/FPGA/Frundin_CW_DHT11/vivado.log
# Journal file: D:/FPGA/Frundin_CW_DHT11\vivado.jou
#-----------------------------------------------------------
start_gui
open_project D:/FPGA/Frundin_CW_DHT11/Frundin_CW_DHT11.xpr
reset_run synth_1
update_compile_order -fileset sources_1
launch_runs synth_1 -jobs 4
wait_on_run synth_1
launch_runs impl_1 -jobs 4
wait_on_run impl_1
open_run impl_1
launch_simulation
source testbench.tcl
run all
relaunch_sim
run all
save_wave_config {D:/FPGA/Frundin_CW_DHT11/testbench_behav.wcfg}
add_files -fileset sim_1 -norecurse D:/FPGA/Frundin_CW_DHT11/testbench_behav.wcfg
set_property xsim.view D:/FPGA/Frundin_CW_DHT11/testbench_behav.wcfg [get_filesets sim_1]
close_sim
